File:    1	"__RuntimeModule__"
File:    2	"C:\Program Files (x86)\Metrowerks\CodeWarrior\Palm OS Support\CodeWarrior Libraries\Runtime\PalmOSRuntime_2i_A5.lib"
File:    3	"CPlusLib68K.cp"
File:    4	"Exception68K.cp"
File:    5	"LongLong68K.c"
File:    6	"MWRTTI.cp"
File:    7	"NMWException.cp"
File:    8	"NewMore.cp"
File:    9	"New.cp"
File:   10	"PalmOS_AbortExit.cpp"
File:   11	"PalmOS_GlobalDestructors.c"
File:   12	"PalmOS_setjmp.c"
File:   13	"PalmOS_Startup.cpp"
File:   14	"CWRuntime.c"
File:   15	"C:\Program Files (x86)\Metrowerks\CodeWarrior\CW for Palm OS Support\MSL\MSL_C++\MSL_Palm_OS\Lib\68K\MSL_C++_PalmOS_2i_Dbg.lib"
File:   16	"\\engserv\cdserver\Product_Layouts\PalmOS\Version 9.0\Win Layout\CW for Palm OS Support\MSL\MSL_C++\MSL_Common\Src\ios.cpp"
File:   17	"\\engserv\cdserver\Product_Layouts\PalmOS\Version 9.0\Win Layout\CW for Palm OS Support\MSL\MSL_C++\MSL_Common\Src\iostream.cpp"
File:   18	"\\engserv\cdserver\Product_Layouts\PalmOS\Version 9.0\Win Layout\CW for Palm OS Support\MSL\MSL_C++\MSL_Common\Src\MSLstring.cpp"
File:   19	"\\engserv\cdserver\Product_Layouts\PalmOS\Version 9.0\Win Layout\CW for Palm OS Support\MSL\MSL_C++\MSL_Common\Src\mutex.cpp"
File:   20	"\\engserv\cdserver\Product_Layouts\PalmOS\Version 9.0\Win Layout\CW for Palm OS Support\MSL\MSL_C++\MSL_Common\Src\strstream.cpp"
File:   21	"\\engserv\cdserver\Product_Layouts\PalmOS\Version 9.0\Win Layout\CW for Palm OS Support\MSL\MSL_C++\MSL_Common\Src\complex.cpp"
File:   22	"\\engserv\cdserver\Product_Layouts\PalmOS\Version 9.0\Win Layout\CW for Palm OS Support\MSL\MSL_C\MSL_Common\Src\float.c"
File:   23	"\\engserv\cdserver\Product_Layouts\PalmOS\Version 9.0\Win Layout\CW for Palm OS Support\MSL\MSL_C\MSL_Common\Src\errno.c"
File:   24	"\\engserv\cdserver\Product_Layouts\PalmOS\Version 9.0\Win Layout\CW for Palm OS Support\MSL\MSL_C\MSL_Common\Src\string.c"
File:   25	"\\engserv\cdserver\Product_Layouts\PalmOS\Version 9.0\Win Layout\CW for Palm OS Support\MSL\MSL_C\MSL_Common\Src\qsort.c"
File:   26	"\\engserv\cdserver\Product_Layouts\PalmOS\Version 9.0\Win Layout\CW for Palm OS Support\MSL\MSL_C\MSL_Common\Src\arith.c"
File:   27	"\\engserv\cdserver\Product_Layouts\PalmOS\Version 9.0\Win Layout\CW for Palm OS Support\MSL\MSL_C\MSL_Common\Src\bsearch.c"
File:   28	"\\engserv\cdserver\Product_Layouts\PalmOS\Version 9.0\Win Layout\CW for Palm OS Support\MSL\MSL_C\MSL_Common\Src\rand.c"
File:   29	"\\engserv\cdserver\Product_Layouts\PalmOS\Version 9.0\Win Layout\CW for Palm OS Support\MSL\MSL_C\MSL_Common\Src\ctype.c"
File:   30	"\\engserv\cdserver\Product_Layouts\PalmOS\Version 9.0\Win Layout\CW for Palm OS Support\MSL\MSL_C\MSL_Common\Src\locale.c"
File:   31	"C:\Users\President Taft\Documents\Palmdev\Quartermaster\Rsc\Quartermaster_Rsc.rcp"
File:   32	"C:\Users\President Taft\Documents\Palmdev\Quartermaster\Src\Quartermaster.c"
File:   33	"C:\Users\President Taft\Documents\Palmdev\Quartermaster\Src\Database.c"
File:   34	"C:\Users\President Taft\Documents\Palmdev\Quartermaster\Src\ViewRecipe.c"
File:   35	"C:\Users\President Taft\Documents\Palmdev\Quartermaster\Src\Alerts.c"
File:   36	"C:\Users\President Taft\Documents\Palmdev\Quartermaster\Src\EditRecipe.c"
File:   37	"C:\Users\President Taft\Documents\Palmdev\Quartermaster\Src\RecipeList.c"

Segment:   1   11226 bytes  "Segment 1"
Code: 000004      12 bytes  "__DummyStartup__"               File: "__RuntimeModule__"
Code: 000010      12 bytes  "__dthandler__4MTWKFv"           File: "NMWException.cp"
Code: 00001c      12 bytes  "__duhandler__4MTWKFv"
Code: 000028      16 bytes  "terminate__3stdFv"
Code: 000038      24 bytes  "abort"                          File: "PalmOS_AbortExit.cpp"
Code: 000050      42 bytes  "__destroy_global_chain"         File: "PalmOS_GlobalDestructors.c"
Code: 00007a      14 bytes  "setjmp"                         File: "PalmOS_setjmp.c"
Code: 000088      18 bytes  "longjmp"
Code: 00009a     154 bytes  "__Relocate____4MTWKFPScPScUl"   File: "PalmOS_Startup.cpp"
Code: 000134     314 bytes  "__Startup__"
Code: 00026e       8 bytes  "__PreInit__"
Code: 000276       8 bytes  "__InitCode__"
Code: 00027e     132 bytes  "__SkipToXREFs____4MTWKFPSc"
Code: 000302     128 bytes  "__PatchV10Devices____4MTWKFP14SysAppInfoType"
Code: 000382     234 bytes  "__LoadAndRelocate____4MTWKFUcP7_opaque"
Code: 00046c     130 bytes  "AppHandleEvent"                 File: "C:\Users\President Taft\Documents\Palmdev\Quartermaster\Src\Quartermaster.c"
Code: 0004ee      90 bytes  "AppEventLoop"
Code: 000548    1050 bytes  "AppStart"
Code: 000962      16 bytes  "AppStop"
Code: 000972     288 bytes  "RomVersionCompatible"
Code: 000a92      80 bytes  "PilotMain"
Code: 000ae2      20 bytes  "CompareRecipeNames"             File: "C:\Users\President Taft\Documents\Palmdev\Quartermaster\Src\Database.c"
Code: 000af6      20 bytes  "DBStringCompare"
Code: 000b0a     214 bytes  "FindIfUsed"
Code: 000be0     402 bytes  "DatabaseOpen"
Code: 000d72      56 bytes  "DatabaseClose"
Code: 000daa     458 bytes  "AddRecipe"
Code: 000f74     284 bytes  "RemoveRecipe"
Code: 001090     288 bytes  "IngredientIDByName"
Code: 0011b0     120 bytes  "IngredientNameByID"
Code: 001228     288 bytes  "UnitIDByName"
Code: 001348     120 bytes  "UnitNameByID"
Code: 0013c0     676 bytes  "DrawRecipe"                     File: "C:\Users\President Taft\Documents\Palmdev\Quartermaster\Src\ViewRecipe.c"
Code: 001664     152 bytes  "FormatQuantity"
Code: 0016fc     352 bytes  "ViewRecipeHandleEvent"
Code: 00185c      40 bytes  "OpenRecipeForm"
Code: 001884      44 bytes  "displayError"                   File: "C:\Users\President Taft\Documents\Palmdev\Quartermaster\Src\Alerts.c"
Code: 0018b0     248 bytes  "displayCustomError"
Code: 0019a8     212 bytes  "confirmChoice"
Code: 001a7c     158 bytes  "saveRecipe"                     File: "C:\Users\President Taft\Documents\Palmdev\Quartermaster\Src\EditRecipe.c"
Code: 001b1a     282 bytes  "DeleteIngredient"
Code: 001c34     322 bytes  "AddIngredientForm"
Code: 001d76     262 bytes  "EditRecipeDoCommand"
Code: 001e7c    1498 bytes  "AddIngredientHandleEvent"
Code: 002456     560 bytes  "EditRecipeHandleEvent"
Code: 002686     532 bytes  "OpenEditRecipeForm"
Code: 00289a     288 bytes  "PopulateRecipeList"             File: "C:\Users\President Taft\Documents\Palmdev\Quartermaster\Src\RecipeList.c"
Code: 0029ba     286 bytes  "RecipeListDoButtonCommand"
Code: 002ad8      84 bytes  "MainMenuDoCommand"
Code: 002b2c     174 bytes  "RecipeListHandleEvent"

Data section below A5:    556 bytes
Data section above A5:    168 bytes

Initialized near data
Data:    -28      28 bytes  "@135"
Data:    -36       8 bytes  "@134"
Data:    -42       5 bytes  "@133"
Data:    -48       6 bytes  "@132"
Data:    -54       5 bytes  "@131"
Data:    -60       6 bytes  "@130"
Data:    -88      28 bytes  "@128"
Data:   -100      11 bytes  "@127"
Data:   -104       4 bytes  "@126"
Data:   -108       4 bytes  "@125"
Data:   -116       8 bytes  "@116"
Data:   -122       5 bytes  "@115"
Data:   -130       7 bytes  "@114"
Data:   -138       8 bytes  "@112"
Data:   -139       1 bytes  "@111"
Data:   -144       5 bytes  "@110"

Uninitialized near data
Data:   -148       4 bytes  "__CW_FEATURES_PTR"
Data:   -152       4 bytes  "__global_destructor_chain"
Data:   -160       8 bytes  "ctx"
Data:   -536     376 bytes  "ctx"
Data:   -544       8 bytes  "ctx"
Data:   -548       4 bytes  "gRecipeDB"
Data:   -552       4 bytes  "gIngredientDB"
Data:   -556       4 bytes  "gUnitDB"

Initialized far data
Data:     40     128 bytes  "__segtable__"

-----

PRC DB Name:       Quartermaster
PRC DB Version:    1
Type:              appl
Creator:           IVAK
Resource Count:    19
Creation Time:     2025-10-04 @ 1901
Modification Time: 2025-10-04 @ 1901
Last Backup Time:  
Attributes:         0x00000009
                    dmHdrAttrResDB
                    dmHdrAttrBackup

1:   tAIN           Application Name String            1000 (0x03e8)     14
[Quartermaster]
2:   tver           Application Version String         1000 (0x03e8)     4
[1.0]
3:   code           68K Object Code                    1 (0x0001)        11226
4:   data           68K Global Data                    0 (0x0000)        252
5:   code           68K Object Code                    0 (0x0000)        24
6:   MBAR           Menu Bar                           1001 (0x03e9)     157
7:   MBAR           Menu Bar                           1004 (0x03ec)     191
8:   Talt           Alert                              1006 (0x03ee)     98
9:   tFRM           Form                               1007 (0x03ef)     252
10:   tAIB           Application Icon                   1000 (0x03e8)     104
11:   tAIB           Application Icon                   1001 (0x03e9)     34
12:   tFRM           Form                               1012 (0x03f4)     128
13:   tFRM           Form                               1014 (0x03f6)     266
14:   Talt           Alert                              1020 (0x03fc)     29
15:   tFRM           Form                               1021 (0x03fd)     398
16:   Talt           Alert                              1031 (0x0407)     69
17:   tFRM           Form                               1032 (0x0408)     592
18:   tSTR           String                             1033 (0x0409)     153
[Ingredient names should be in the plural form if applicable,...]
19:   MBAR           Menu Bar                           1022 (0x03fe)     150
